100
100
PPPPPPPPPPPPPPPPPPPPPPPPPPPPPPPPPPPPPPPPPPPPPPPPPPPPPPPPPPPPPPPPPPPPPPPPPPPPPPPPPPPPPPPPPPPPPPPPPPPP
PPPPPPPPPPPPPPPPPPPPPPPPPPPPPPPPPPPPPPPPPPPPPPPPPPPPPPPPPPPPPPPPPPPPPPPPPPPPPPPPPPPPPPPPPPPPPPPPPPPP
PPPPPPPPPPPPPPPPPPPPPPPPPPPPPPPPPPPPPPPPPPPPPPPPPPPPPPPPPPPPPPPPPPPPPPPPPPPPPPPPPPPPPPPPPPPPPPPPPPPP
PPPTTTSSTTTSSTTTTTTTTTTTTTSSTTTTTTTTTTTTTTTTTTTTTTTTTTTTTTTTTTSSTTTTAATTTTTTTTTTTTTTTTTTTTSSTTTTKPPP
PPPTTTSSTTTTSSTTTTTTTTTTTTSSTTTTTTTTTTTTTTTTTTTTTTTTTTTTTTTTTTTSSTTAATTTTTTTTTTTTTTTTTTTTSSTTTTTTPPP
PPPTTTTSSTTSSTTTTTTTTTTTTTTSSTTTTTTTTTTTTTTTTTTTTTTTTTTTTTTTTTBSSBBAABBBTTTTTTTTTTTTTTTTTSSTTTTTKPPP
PPPTTTTSSTSSTTTTTTTTTTTTTTTSSTTTTTTTTTTTTTTTTTTTTTTTTTTTTTTTTTSSSSBBAABBTTTTTTTTTTTTTTTTTSSTTTTTTPPP
PPPTTTTSSTTSSTTTTTTTTTTTTTTTSSTTTTTTTTTTTTTTTTTTTTTTTTTTTTTTTTBSSBBAABBBTTTTTTTTTTTTTTTTTSSTTTTTTPPP
PPPSTTSSTTTSSTTTTTTTTTTTTTTTSSTTTTTTTTTTTTTTTTTTTTTTTTTTTTTTTTSSBBAABBBBTTTTTTTTTTTTTTTTTTSSTTTTTPPP
PPPSSTTSSTSSSSSSTTTTTTTTTTTTTSSTTTTTTTTTTTTTTTTTTTTTTTTTTTTBBBBSSAABBBBSSSSSSSSSSSSSSTTTTTTSSTTTTPPP
PPPTSSSSSSSSSSSSSSTSTSTTTTTTTTSSTTTTTTTTTTTTTTTTTTTTTTTTTTTBBBBBSSBBBBBSSSSSSSSSSSSSSTTTTTTSSTTTTPPP
PPPTTSSTTSSSTTTTSSSSSSSSSTTTTTSSTTTTTTTTTTTTTTTTTTTTTTTTTTTBBBBSSAABBBBSSSSSSSSSSSSSSBBTTTTSSTTTTPPP
PPPTTTSSTTTSSTTTTTSTSTSSSSSTTSSTSTTTTTTTTTTTTSSTTTTTTTTTTTTBBBBBSSBBBBBSSSSSSSSSSSSSSBBTTTTSSTTTTPPP
PPPTTTSSTTSSTTTTTTTTTTTTTSSSTTSSSSTTTTTSTTTTSSSSKTTTTTTTTTTBBBBSSBBBBBBSSSSSSSSSSSSSSBBTTTTSSTTTTPPP
PPPTTSSTTSSTTTTTTTTTTTTTTTTSSSSSTSSTTTSSSSTSSTTSSSTTTTTTTTTBBBBBSSBBBBBSSSSSSSSSSSSSSBBTTTSSTTTTTPPP
PPPTTSSTSSTTTTTTTTTTTTTTTTTTSSTTTTSSTSSTSSSSTTTTSSSSSTSTTTTBBBBSSSSBBBBSSSSSSSSSSKSSSBBTTTTSSTTTTPPP
PPPTTTSSSSTTTTTTTTTTTTTTTSSSSSSSSSSSSSSTTTSTTTTTTTSSSSSSTTTBBBBSSSSBBBBSSSSSSSSSSSSSSBBTTTSSTTTTTPPP
PPPTTTTSSTTTTTTTTTTTTTTTTSSSSSSSSSSSSSSTTTTTTTTTTTTTTSTSSSTBBBBSSSSBBBBSSSSSSSSSSSSSSBBTTTTSSTTTTPPP
PPPTTTSSSSTTTTTTTTTTTTTTTSSSSSSSSSSSSSSTTTTTTTTTTTTTTTTTSSSBBBBBSSBBBBBSSSSSSSSSSSSSSBBTTTTSSTTTTPPP
PPPTTTTTSSTTTTTTTTTTTTTTTSSSSSSSSSSSSSKTTTTTTTTTTTTTTTTTTTSSBBBSSSBBBBKSSSSSSSSSSSSSSBBTTTTTSTSTTPPP
PPPTTTTSSSSTTTTTTTTTTTTTTSSSSSSSSSSSSSSTTTTTTTTTTTTTTTTTTTTSSBSSSSSBBBBSSSSSSSSSSSSSSBBTTTSSSSSSTPPP
PPPTTTSSSSTTTTTTTTTTTTTTTSSSSSSSSSSSSSSTTTTTTKTTTTTTTTTTTTTBSSSBSSSSSBBSSSSSSSSSSSSSSSSSSSSSTSTSSPPP
PPPTTTTSSSSTTTTTTTTTTTTTTSSSSSSSSSSSSSSTTTTTTTTTTTTTTTTTTTTBBSBBBSSSSSSSSSSSSSSSSSSSSSMMMMSTSSTTSPPP
PPPTTTTSSTSSTTTTTTTTTTTTTSSSSSSSSSSSSSSTTTTTTTTTTTTTTTTTTTTBBBBBAASSBSSSSSSSSSSSSSSSBSMSSSSSSSTSTPPP
PPPSSSSSSSSSSSSSSSSSKTTTTSSSSSSSSSSSSSSTTTTTTTTTTTTTTTTTTTTBBBBAABBSSSBSSSBBSSSSBBSSBSMSSSTSSSSSTPPP
PPPMMMMMMMMMMMMMMMMSTTTTTSSSSSSSSSSSSSSTTTTTTTTTTTTTTTTTTTTBBSSBAASSSSBBBBBBBBBBBBBBBSMSSSTTSSSTTPPP
PPPMSSSSSSSSSSSSSSMSTTTTTSSSSSSSSSSSSSSTTTTTTTTTTTTTTTTTTTTSSSSAASSBSBBBBBBBBBBBBBBBBSMSSSTTSSTTTPPP
PPPMSSSSSSSSSSSSSSMSTTTTTSSSSSSSSSSSSSSTTTTTTTTTTTTTTTTTSTSSSTTAATSSTTTTTTTTTTTTTTTTTSMSSSTTTSSTTPPP
PPPMSSSSSSSSSSSSSSSSSSSSSSSSSSSSSSSSSSSTTTTTTTTTTTTTTTTSSSSTTTAASSTSSTTTBBBBBBBBBBBBBSMSSSTTTTSSTPPP
PPPMSSSSSSSSSSSSSSMSSSSSSSSSSSSSSSSSSSSTTTTTTTTTTTTTTTSSTSTTTAATTSSSSTTTBBBBBBBBBBBBBSMSSSTTTTTSSPPP
PPPMSSSSSSSSSSSSSSMSSSSSSSSTTTTTTTTTTTTTTTTTTTTTTTTTTSSTTTTTTTAATTSSTTTTBBBBBBBBBBBBBSMSSSTTTTSSTPPP
PPPMSSSSSSSSSSSSSSMSSSSSSSTTTTTTTTTTTTTTTTTTTTTTTTSTSSTTTTTTTTAATSSSSTTTBBBBBBBBBBBBBSMSSSTTTTSSTPPP
PPPMSSSSSSSSSSSSSSMSSSSSSSBBBTTTTTTTTTTTTTTTTTTTTSSSSTTTTTTTTTTAATSSTTTTBBBBBBBBBBBBBSMSSSTTTTTSSPPP
PPPMSSSSSSSSSSSSSSMSSSSSSSSBBTTTTTTTTTTTTTTTTTSTSSTSTTTTTTTTTTAATSSTTTTTBBBBBBBBBBBBBSMSSSTTTTTSSPPP
PPPMSSSSSSSSSSSSSSMSSSSSSSSSSSSSSSSSSSSSSSSSTSSSSTTTTTTTTTTTTTAATSSTTTBBBBBBBBBBBBBBBSMSSSTTTTSSTPPP
PPPMSSSSSSSSSSSSSSMSSSSSMMMMMMMMMMMMMMMSSSSSSSTSTTTTTTTTTTTTTTAASSSSTTBBBBBBBBBBBBBBBSMSSSTTTTTSSPPP
PPPMSSSSSSSSSSSSSSMSSSSSMSSSSSSSSSSSSSSMSTTTSTTTTTTTTTTTTTTTTTTAATSSTTBBBBBBBBBBBBBBBSMSSSTTTTSSTPPP
PPPMSSSSSSSSSSSSSSMSSSSSMSSSSSSSSSSSSSSMSTTTTTTTTTTTTTTTTTTTTTTTAASSTTBBBBBBBBBBBBBBBSMMMMTTTSSTSPPP
PPPMSSSSSSSSSSSSSSMSSSSSMSSSSSSSSSSSSSSMSTTTTTTTTTTTTTTTTTTTTTTAASSTTTBBBBBBBBSSBBBBBSSSSSTSSSSSSPPP
PPPMSSSSSSSSSSSSSSMSSSSSMSSSSSSSSSSSSSSMSTTTTTTTTTTTTTTTTTTTTTTTTSSTTTBBBBBBBSSSSBBBBBBBTTSSSSTSSPPP
PPPMMMMMMMMMMMMMMMMSSBBSMSSSSSSSSSSSSSSMSTTTTTTTTTTTTTTTTTTTSSTTAASSTTBBSBBBSSBBSSBBBBBBTSSTTTTTTPPP
PPPSSSSSSSSSSSSSSSSSSSBSMSSSSSSSSSSSSSSMSSTTTTTTTTTTTTTTTTSSSSSSTSSSTTBSSBSSSBBBBSSSSSBSSSTTTTTTTPPP
PPPTTTBBSSBSSBBBBBBBBSSSMSSSSSSSSSSSSSSMSSTTTTTTTTTTTTTTTSSSSTSSSSTSSTSSBSSSBBBBBBSSSSSSSSTTTTTTTPPP
PPPTTTBBBBSSBSBBBSBBBSSSMSSSSSSSSSSSSSSSSSSSSSSSSSSSSSSSSSTTSTTTSSSSSSSSSSSSSBBBBBBBBBSBSSTTTTTTTPPP
PPPSTTBBBBSSSSSBSSSBSSBSMSSSSSSSSSSSSSSSMMMMMMMMMMMMMMMMSTTTTTTTTSSTTSSSSBSSSSSSBBBBBBTTSSTTTTTTTPPP
PPPSSTTTTSSSSBSSSBSSSBBSMSSSSSSSSSSSSSSSMSSSSSSSSSSSSSSMSTTTTTTTTSSTTTSBBBBBBSSSSBBBBBTTSSTTTTTTTPPP
PPPTSSSTSSSSBBBSBBBSBBBSSSSSSSSSSSSSSSSSMSSSSSSSSSSSSSSMSTTTTTTTTSSTTTBBBBBBBBBBSSBBBBTTSSTTTTTTTPPP
PPPTTSSSSTSSBBBBBBBBBBBSMSSSSSSSSSSSSSSSMSSSSSSSSSSSSSSSSTTTTTTTTSSTTTBBBBBBBBBBBSSSSBTTSSTTTTTTTPPP
PPPTTTTSTSSBBBBBBBBBBBBSMSSSSSSSSSSSSSSSMSSSSSSSSSSSSSSMSTTTTTTTSSTTTTBBBBBBBBBBBBSSSSTTSSTTTTSSTPPP
PPPTTTTTTSSBBBBBBBBBBBBSMSSSSSSSSSSSSSSSMSSSSSSSSSSSSSSMSTTTTTTTTSSTTTBBBBBBBBBBBBBBBSSTSSSSTSSSSPPP
PPPTTTTTSSBBBBBBBBBBBBBSMMMMMMMMMMMMMMMSSSSSSSSSSSSSSSSMSTTTTTTTTSSTTTTTTTTTTTTTTTTTTTSSSSSSSSTTSPPP
PPPTTTTSSSSBBBBBBBBBBBBSSSSSSSSSSSSSSSSSMSSSSSSSSSSSSSSMSTTTTTTTTTSSTTTTTTTTTTTTTTTTTTTSSSTTSTTTTPPP
PPPTTTSSSSBBBBBBBBBBBBBBSSBBBBBBBBBTTTTSMSSSSSSSSSSSSSSMSTTTTTTTTTSSTTTTTTTTTTTTTTTTTTTTSSTTTTTTTPPP
PPPTTTSSSSTTTTTTTTTBBBBSSBBBBBBBBBBTTTTSMSSSSSSSSSSSSSSMSTTTTTTTTSSTTTTTTTTTTTTTTTTTTTTTTTTTTTTTTPPP
PPPTTSSSSTTTTTTTTTTBBBSSBBBBBBBBBBBTTBBSMSSSSSSSSSSSSSSMSBBBBBBBSSTTTTTTTTTTTTTTTTTTTTTTTTTTTTTTTPPP
PPPTSSTTSSTTTTTTTKTBBBBSSSSSSSSSSSSSSSSSSSSSSSSSSSSSSSSMSBBBBBBSSAATTTTTTTTTTTTTTTTTTTTTTTTTTTTTTPPP
PPPTSSTTTSSTTTTTTTTBBBBSMMMMMMMMMMMMMMMMSSSSSSSSSSSSSSSMSBBBBBBBSSBBBBBBBBBBBBBBBBTTTTTTTTTTTTTTTPPP
PPPSSTTTTTSSTTTTTTTBBBBSSSSSSSSSSSSSSSSMSSSSSSSSSSSSSSSMSBBBBBBSSSSBBBBBBBBBBBBBBBTTTTTTTTTTTTTTTPPP
PPPTSSTTTSSTTTTTTTTBBBBSMSSSSSSSSSSSSSSMSSSSSSSSSSSSSSSMSBBBBBBBSSSSBBBBBBBBBBBBBBTTTTTTTTTTTTTTTPPP
PPPSSTTTSSTTTTTTTTTBBBBSMSSSSSSSSSSSSSSMSMMMMMMMMMMMMMMMSBBBBBBSSTBSSBBBBBBBBBBBBBTTTTTTTTTTTTTTTPPP
PPPSSTTTTSSTTTTTTTTBBBBSMSSSSSSSSSSSSSSMSSSSSSSSSSSSSSSSSBBBBKSSAABBSSBBBBBBBBBBBBTTTTTTTTTTTTTTTPPP
PPPSSTTTTTSSTTTTTTTBBBBSMSSSSSSSSSSSSSSMSBBBBBBBBBBBBBBBBBBBBBBSSAASSBBSSSSSSSSSSSSSSSSTTTTTTTTTTPPP
PPPTTTTTTTSSTTTTTTTBBBBSMSSSSSSSSSSSSSSMSBBBBBBBBBBBBBBBBBBBBBBBSSSSBBBSSSSSSSSSSSSSSSSTTTTTTTTTTPPP
PPPTTTTTTSSTTTTTTTKBBBBSMSSSSSSSSSSSSSSMSBBBBBBBBBBBBBBBBBBBBBBBBSSBBBBSSSSSSSSSSSSSSSSTTTTTTTTTTPPP
PPPTTTTTSSTTTTTTTTTBBBBSMSSSSSSSSSSSSSSMSBBBBBBBBBBBBBBBBBBBBBBBSSBBBBBSSSSSSSSSSSSSSSSTTTTTTTTTTPPP
PPPTTTTTSSTTTTTTTTTBBBBSMSSSSSSSSSSSSSSMSBBBBBBBBBBBBBBBBBBBBBBBBSSBBBBSSSSSSSSSSSSSSSSTTTTTTTTTTPPP
PPPTTTTTSSTTTTTTTTTBBBBSMSSSSSSSSSSSSSSMSBKBBBBBBBBBBBBBBBBBBBBBBTSSBBBSSSSSSSSSSSSSSSSTTTTTTTTTTPPP
PPPTTTTTTSSTTTTTTTTTTBBSMSSSSSSSSSSSSSSMSBBBBBBBBBBBBBBBBBBBBBBBBSSBBBBSSSSSSSSSSSSSSSSTTTTTTTTTTPPP
PPPTTTTTSSTTTTTTTTTTTBBSMSSSSSSSSSSSSSSSSBBBBBBBBBBBBBBBBBBBBBBBSSBBBBBSSSSSSSSSSSSSSSSTTTTTTTTTTPPP
PPPTTTTSSTTTTTTTTTTTTBBSMSSSSSSSSSSSSSSMSBBBBBBBBBBBBBBBBBBBBBBBBSSBBBBSSSSSSSSSSSSSSSSTTTTTTTTTTPPP
PPPTTTSSTTTTTTTTTTTTTBBSMSSSSSSSSSSSSSSMSTTTTTTTTTTTTTTTTTTTTTTTTTSSBBBSSSSSSSSSSSSSSSSTTTTTTTTTTPPP
PPPTTTTSSTTTTTTTTTTTTBBSMMMMMMMMMMMMMMMMSTTBBBBBBBBBBBBBBTTTTTTTTAASSBBSSSSSSSSSSSSSSSSTTTTTTTTTTPPP
PPPTTTTSSTTTTTTTTTTTTBBSSSSSSSSSSSSSSSSSSTTBBBBBBBBBBBBBBTTTTTTTTTAASSTSSSSSSSSSSSSSSSSTTTTTTTTTTPPP
PPPTTTTSSTTTTTTTTTTTTBSSBBBBBBBBBBBBBBBBTTTBBBBBBBBBBBBBBTTTTTTTTSSSSTTSSSSSSSSSSSSSSSSTTTTTTTTTTPPP
PPPTTTSSTTTTTTTTTTTTTBSSBBBBBBBBBBBBBBBBTTTBBBBBBBBBBBBBBTTTTTTTSSTSSTTSSSSSSSSSSSSSSSSSTTTTTTTTTPPP
PPPTTTSSTTTTTTTTTTTTTBBSSBBBBBBBBBBBBBBBTTTBBKBBBBBBBBBBBTTTTTTTTSSSSTTSSSSSSSSSSSSSSSSSSTTTTTTTTPPP
PPPTTTTSSTTTTTTTTTTKTTTTSSBBBBBBBBBBBBBBTTTBBBBBBBBBBBBBBTTKTTTTSSTSSTTSSSSSSSSSSSSSSSSTSSTTTTTTTPPP
PPPTTTSSTTTTTTTTTTTTTTTTSSBBBBBBBBBBBBBBTTTBBBBBBBBBBBBBBTTTTTTTSSAASSTTTTATATTTTTTSSTTTTSSTTTTTTPPP
PPPTTTSSATTTTTTTTTTTTTTSSBBBBBBBABAAKBBBTTTBBBBBBBBBABBBBTTKTTTSSAATTSSTAAAAAAATATSSTTTTTTSTSTTSSPPP
PPPSTASSAATTTTAATTTTTTABSSBBBBBAAAAAABBBBBBBBBBBABBAAABABAATATTATTAAASSAAASATAAAAASATAATTSSSSSSSSPPP
PPPSSASSTAAAAAAAAATTTAAASSBBABAABABBAAABBBBBBBBAAAAABAAAAAAAASSATTTAASSASTSTTTTATAAAAAATSSSSASSSSPPP
PPPTSTSSSTAAAATTAATTAATAABAAAAABBBBBBAAAABBBABAABAASBSABATTASSSSSSSATSSSSSSTTTTTTTATATSSSTTTATTSSPPP
PPPTTSSTSSTTSTTTSSSSATTBAAAABABBBBBBBBBAAAAAAAASBSBSSSBBBTTSSTTSSSSSSTSSSSSSTTTTSSSTSSSSTTTTTTTTTPPP
PPPTTSSTSSSSSSTSSSSSSTSBBASSSBBBBSSSSBBBBAAASABSSSBSSBBSSTSSTTTSSTTSSSSTSTTSSSBSSSSSSSBBBBTTTTTTTPPP
PPPSSSSSSTSSTSSSTTTTSSSSSBSSSSBBSSSSSSBBBSSBSBBSSSSSSBSSSSSTTTSSTTTAASTTTTTTSSSSBBBSBBBBBBTTTTTTTPPP
PPPSSSSSTTTTTTSTTTTTTSTSSSSBBSSSSBSSSSBBSSSBSBSSBSSBSSSTTSTTTTTSSTTTTSSTTTTTTTSBBBBBBBBBBBTTTTTTTPPP
PPPTTTSSTTTTTTTTTTTTTTTBBSSSSSSSSSSSSSSSSSBSSSSBBBBBBSTTTTTTTTTSSTTTSSTTTTTTTTBBBBBBBBBBBBTTTTTTTPPP
PPPTTTTSSTTTTTTTTTTTTTTBBSSSSSBBSSBBBSSSSSSSBSBBBBBBBTTTTTTTTTSSTTTTSSTTTTTTTTBBBBBBBBBBBBTTTTTTTPPP
PPPTTTSSTTTTTTTTTTTTTTTBSSBBBBBBBBBBBBBBSBSBBBBBBBBBBTTTTTTTTTSSTTTTTSSTTTTTTTBBBBBBBBBBBBTTTTTTTPPP
PPPTTTTSSKTTTTTTTTTTTTTBBSSBBBBBBBBBBBBBBBBBBBBBBBBBBTTTTTTTTTSSTTTTSSTTTTTTTTBBBBBBBBBBBBTTTTTTTPPP
PPPTTTTTSSTTTTTTTTTTTTTTSSTTTTTTTTTTTTTTTTTTTTTKTTTTTTTTTTTTTSSTTTTSSTTTTTTTTTTTTTTTTTTTTTTTTTTTTPPP
PPPTTTTSSTTTTTTTTTTTTTTTSSTTTTTTTTTTTTTTTTTTTTTTTTTTTTTTTTTTTSSTTTTTSSTTTTTTTTTTTTTTTTTTTTTTTTTTTPPP
PPPTTTTTSSTTTTTTTTTTTTTTTSSTTTTTTTTTTTTTTTTTTTTTTTTTTTTTTTTTTSSTTTTTTSSTTTTTTTTTTTTTTTTTTTTTTTTTTPPP
PPPTTTTSSTTTTTTTTTTTTTTTTTSSTTTTTTTTTTTTTTTTTTTTTTTTTTTTTTTTSSTTTTTTSSTTTTTTTTTTTTTTTTTTTTTTTTTTTPPP
PPPTTTSSTTTTTTTTTTTTTTTTTTSSTTTTTTTTTTTTTTTTTTTTTTTTTTTTTTTSSTTTTTTTTSSTTTTTTTTTTTTTTTTTTTTTTTTTTPPP
PPPTTTTSSTTTTTTTTTTTTTTTTSSTTTTTTTTTTTTTTTTTTTTTTTTTTTTTTTTSSTTTTTTTAASSTTTTTTTTTTTTTTTTTKTTTTTTTPPP
PPPTTTTTSSTTTTTTTTTTTTTTTTSSTTTTTTTTTTTTTTTTTTTTTTTTTTTTTTTTSSTTTTTAASSTTTTTTTTTTTTTTTTTTTTTTTTTTPPP
PPPPPPPPPPPPPPPPPPPPPPPPPPPPPPPPPPPPPPPPPPPPPPPPPPPPPPPPPPPPPPPPPPPPPPPPPPPPPPPPPPPPPPPPPPPPPPPPPPPP
PPPPPPPPPPPPPPPPPPPPPPPPPPPPPPPPPPPPPPPPPPPPPPPPPPPPPPPPPPPPPPPPPPPPPPPPPPPPPPPPPPPPPPPPPPPPPPPPPPPP
PPPPPPPPPPPPPPPPPPPPPPPPPPPPPPPPPPPPPPPPPPPPPPPPPPPPPPPPPPPPPPPPPPPPPPPPPPPPPPPPPPPPPPPPPPPPPPPPPPPP
