100
100
PPPPPPPPPPPPPPPPPPPPPPPPPPPPPPPPPPPPPPPPPPPPPPPPPPPPPPPPPPPPPPPPPPPPPPPPPPPPPPPPPPPPPPPPPPPPPPPPPPPP
PPPPPPPPPPPPPPPPPPPPPPPPPPPPPPPPPPPPPPPPPPPPPPPPPPPPPPPPPPPPPPPPPPPPPPPPPPPPPPPPPPPPPPPPPPPPPPPPPPPP
PPPPPPPPPPPPPPPPPPPPPPPPPPPPPPPPPPPPPPPPPPPPPPPPPPPPPPPPPPPPPPPPPPPPPPPPPPPPPPPPPPPPPPPPPPPPPPPPPPPP
PPPTTTTTTTTTTTTTTTTTTTTTTTTTTTTTTTTTTTTTTTTTTTTTTTTTTTTTTTTTTTTTTTTTTTTTTTTTTTTTTTTTTTTTTTTTTTTTTPPP
PPPTTTTTTTTTTTTTTTTTTTTTTTTTTTTTTTTTTTTTTTTTTTTTTTTTTTTTTTTTTTTTTTTTTTTTTTTTTTTTTTTTTTTTTTTTTTTTTPPP
PPPTTTTTTTTTMMMMMMMMMMTTTTTTTTTTTTTTTTTTTTTMMMMMMMMMMTTTTTTTTMMMMMMMMMMMMMMMMMMMMMMMTTTTTTTTTTTTTPPP
PPPTTTTTTTTTMTTTTTTTTMTTTTTTTTTTTTTTTTTTTTTMTTTTTTTTMTTTTTTTTMTTTTTTTTTTTTTTTTTTTTTTTTTTTTTTTTTTTPPP
PPPTTTTTTTTTMTTTTTTTTMTTTTTTTTTTTTTTTTTTTTTMTTTTTTTTMTTTTTTTTMMTMMMMMMMMMMMMMMMMMMMMTTTTTTTTTTTTTPPP
PPPTTTTTTTTTMTTTTTTTTMMMTTTTTTTTTTTTTTTTTTTMTTTTTTTTMTTTTTTTTMTTTTTTTTTTTTTTTTTTTTTMTTTTTTTTTTTTTPPP
PPPTTTTTTTKTMTTTTTTTTTTMMTTTTTTTTTTTTTTTTTTMTTTTTTTTMTTTTTTTTMTTTTTTTTTTTTTTTTTTTTTMTTTTTTTTTTTTTPPP
PPPTTTTTTTTTMTTTTTTTTTTTMMTTTTTTTTTTTTTTTTTMTTTTTTTTMTTTTTTTTMTTTTTTTTTTTTTTTTTTTTTMTTTTTTTTTTTTTPPP
PPPTTTTTTTTTMTTTTTTTTTTTTMTTTTTTTTTTTTTTTTTTTTTTTTTTTTTTTTTTTMTTTTTTTTTTTTTTTTTTTTTMTTTTTTTTTTTTTPPP
PPPTTTTTTTTTTTTTTTTTTTTTTMTTTTTTTTTTTTTTTTTMTTTTTTTTMTTTTTTTTMTTTTTTTTTTTTTTTTTTTTTMTTTTTTTTTTTTTPPP
PPPTTTTTTTTTMTTTTTTTTTTTTMTTTTTTTTTTTTTTTTTMTTTTTTTTMTTTTTTTTMTTTTTTTTTTTTTTTTTTTTTMTTTTTTTTTTTTTPPP
PPPTTTTTTTTTMTTTTTTTTTTTTMTTTTTTTTTTTTTTTTTMTTTTTTTTMTTTTTTTTMMMMMMMMMMMMMMMMMMMMMTMTTTTTTTTTTTTTPPP
PPPTTTTTTTTTMTTTTTTTTTTTTMTTTTTTTTTTTTTTTTTMTTTTTTTTMTTTTTTTTTTTTTTTTTTTTTTTTTTTTTTMTTTTTTTTTTTTTPPP
PPPTTTTTTTTTMMMMMMMMMMMMMMTTTTTTTTTTTTTTTTTMMMMMMMMMMTTTTTTTTMMMMMMMMMMMMMMMMMMMMMMMTTTTTTTTTTTTTPPP
PPPTTTTTTTTTTTTTTTTTTTTTTTTTTTTTTTTTTTTTTTTTTTTTTTTTTTTTTTTTTTTTTTTTTTTTTTTTTTTTTTTTTTTTTTTTTTTTTPPP
PPPTTTTTTTTTTTTTTTTTTTTTTTTTTTTTTTTTTTTTTTTTTTTTTTTTTTTTTTTTTTTTTTTTTTTTTTTTTTTTTTTTTTTTTTTTTTTTTPPP
PPPPPPPPPPPTTTPPPPPPPPPPPPPPPPPPPPPPPPPPPPPPPPPPPPPPPPPPPPPPPPPPPPPPPPPPPPPPPPPPPPPPPPPPPPPPPPPPPPPP
PPPTTTTTTTTTTTTTTTTTTTTTTTTTTTTTTTTTTTTTTTTTTTTTTTTTTTTTTTTTTTTTTTTTTTTTTTTTTTTTTTTTTTTTTTTTTTTTTPPP
PPPTTTTTTTTTTTTTTTTTTTTTTTTTTTTTTTTTTTTTTTTTTTTTTTTTTTTTTTTTTTTTTTTTTTTTTTTTTTTTTTTTTTTTTTTTTTTTTPPP
PPPTTTTTTTTTMMMMMMMMMMTTTTTTTTTTTTTTTTTTTTTMMMMMMMMMMTTTTTTTTMMMMMMMMMMMMMMMMMMMMMMMTTTTTTTTTTTTTPPP
PPPTTTTTTTTTMTTTTTTTTMTTTTTTTTTTTTTTTTTTTTTMTTTTTTTTMTTTTTTTTMTTTTTTTTTTTTTTTTTTTTTTTTTTTTTTTTTTTPPP
PPPTTTTTTTTTMTTTTTTTTMTTTTTTTTTTTTTTTTTTTTTMTTTTTTTTMTTTTTTTTMMTMMMMMMMMMMMMMMMMMMMMTTTTTTTTTTTTTPPP
PPPTTTTTTTTTMTTTTTTTTMMMTTTTTTTTTTTTTTTTTTTMTTTTTTTTMTTTTTTTTMTTTTTTTTTTTTTTTTTTTTTMTTTTTTTTTTTTTPPP
PPPTTTTTTTKTMTTTTTTTTTTMMTTTTTTTTTTTTTTTTTTMTTTTTTTTMTTTTTTTTMTTTTTTTTTTTTTTTTTTTTTMTTTTTTTTTTTTTPPP
PPPTTTTTTTTTMTTTTTTTTTTTMMTTTTTTTTTTTTTTTTTMTTTTTTTTMTTTTTTTTMTTTTTTTTTTTTTTTTTTTTTMTTTTTTTTTTTTTPPP
PPPTTTTTTTTTMTTTTTTTTTTTTMTTTTTTTTTTTTTTTTTTTTTTTTTTTTTTTTTTTMTTTTTTTTTTTTTTTTTTTTTMTTTTTTTTTTTTTPPP
PPPTTTTTTTTTTTTTTTTTTTTTTMTTTTTTTTTTTTTTTTTMTTTTTTTTMTTTTTTTTMTTTTTTTTTTTTTTTTTTTTTMTTTTTTTTTTTTTPPP
PPPTTTTTTTTTMTTTTTTTTTTTTMTTTTTTTTTTTTTTTTTMTTTTTTTTMTTTTTTTTMTTTTTTTTTTTTTTTTTTTTTMTTTTTTTTTTTTTPPP
PPPTTTTTTTTTMTTTTTTTTTTTTMTTTTTTTTTTTTTTTTTMTTTTTTTTMTTTTTTTTMMMMMMMMMMMMMMMMMMMMMTMTTTTTTTTTTTTTPPP
PPPTTTTTTTTTMTTTTTTTTTTTTMTTTTTTTTTTTTTTTTTMTTTTTTTTMTTTTTTTTTTTTTTTTTTTTTTTTTTTTTTMTTTTTTTTTTTTTPPP
PPPTTTTTTTTTMMMMMMMMMMMMMMTTTTTTTTTTTTTTTTTMMMMMMMMMMTTTTTTTTMMMMMMMMMMMMMMMMMMMMMMMTTTTTTTTTTTTTPPP
PPPTTTTTTTTTTTTTTTTTTTTTTTTTTTTTTTTTTTTTTTTTTTTTTTTTTTTTTTTTTTTTTTTTTTTTTTTTTTTTTTTTTTTTTTTTTTTTTPPP
PPPTTTTTTTTTTTTTTTTTTTTTTTTTTTTTTTTTTTTTTTTTTTTTTTTTTTTTTTTTTTTTTTTTTTTTTTTTTTTTTTTTTTTTTTTTTTTTTPPP
PPPTTTTTTTTTTTTTTTTTTTTTTTTTTTTTTTTTTTTTTTTTTTTTTTTTTTTTTTTTTTTTTTTTTTTTTTTTTTTTTTTTTTTTTTTTTTTTTPPP
PPPPPPPPPPPPPPPPPPPPPPPPPPPPPPPPPPPPPPPPPPPPPPPPPPPPPPPPPPPPPTTTPPPPPPPPPPPPPPPPPPPPPPPPPPPPPPPPPPPP
PPPTTTTTTTTTTTTTTTTTTTTTTTTTTTTTTTTTTTTTTTTTTTTTTTTTTTTTTTTTTTTTTTTTTTTTTTTTTTTTTTTTTTTTTTTTTTTTTPPP
PPPTTTTTTTTTMMMMMMMMMMTTTTTTTTTTTTTTTTTTTTTMMMMMMMMMMTTTTTTTTMMMMMMMMMMMMMMMMMMMMMMMTTTTTTTTTTTTTPPP
PPPTTTTTTTTTMTTTTTTTTMTTTTTTTTTTTTTTTTTTTTTMTTTTTTTTMTTTTTTTTMTTTTTTTTTTTTTTTTTTTTTTTTTTTTTTTTTTTPPP
PPPTTTTTTTTTMTTTTTTTTMTTTTTTTTTTTTTTTTTTTTTMTTTTTTTTMTTTTTTTTMMTMMMMMMMMMMMMMMMMMMMMTTTTTTTTTTTTTPPP
PPPTTTTTTTTTMTTTTTTTTMMMTTTTTTTTTTTTTTTTTTTMTTTTTTTTMTTTTTTTTMTTTTTTTTTTTTTTTTTTTTTMTTTTTTTTTTTTTPPP
PPPTTTTTTTKTMTTTTTTTTTTMMTTTTTTTTTTTTTTTTTTMTTTTTTTTMTTTTTTTTMTTTTTTTTTTTTTTTTTTTTTMTTTTTTTTTTTTTPPP
PPPTTTTTTTTTMTTTTTTTTTTTMMTTTTTTTTTTTTTTTTTMTTTTTTTTMTTTTTTTTMTTTTTTTTTTTTTTTTTTTTTMTTTTTTTTTTTTTPPP
PPPTTTTTTTTTMTTTTTTTTTTTTMTTTTTTTTTTTTTTTTTTTTTTTTTTTTTTTTTTTMTTTTTTTTTTTTTTTTTTTTTMTTTTTTTTTTTTTPPP
PPPTTTTTTTTTTTTTTTTTTTTTTMTTTTTTTTTTTTTTTTTMTTTTTTTTMTTTTTTTTMTTTTTTTTTTTTTTTTTTTTTMTTTTTTTTTTTTTPPP
PPPTTTTTTTTTMTTTTTTTTTTTTMTTTTTTTTTTTTTTTTTMTTTTTTTTMTTTTTTTTMTTTTTTTTTTTTTTTTTTTTTMTTTTTTTTTTTTTPPP
PPPTTTTTTTTTMTTTTTTTTTTTTMTTTTTTTTTTTTTTTTTMTTTTTTTTMTTTTTTTTMMMMMMMMMMMMMMMMMMMMMTMTTTTTTTTTTTTTPPP
PPPTTTTTTTTTMTTTTTTTTTTTTMTTTTTTTTTTTTTTTTTMTTTTTTTTMTTTTTTTTTTTTTTTTTTTTTTTTTTTTTTMTTTTTTTTTTTTTPPP
PPPTTTTTTTTTMMMMMMMMMMMMMMTTTTTTTTTTTTTTTTTMMMMMMMMMMTTTTTTTTMMMMMMMMMMMMMMMMMMMMMMMTTTTTTTTTTTTTPPP
PPPTTTTTTTTTTTTTTTTTTTTTTTTTTTTTTTTTTTTTTTTTTTTTTTTTTTTTTTTTTTTTTTTTTTTTTTTTTTTTTTTTTTTTTTTTTTTTTPPP
PPPPPPPPPPPPPPPPPPPPPPPPPPPPPPPPPPPPPPPPPPPPPPPPPPPPPPPPPPPPPTTTPPPPPPPPPPPPPPPPPPPPPPPPPPPPPPPPPPPP
PPPTTTTTTTTTTTTTTTTTTTTTTTTTTTTTTTTTTTTTTTTTTTTTTTTTTTTTTTTTTTTTTTTTTTTTTTTTTTTTTTTTTTTTTTTTTTTTTPPP
PPPTTTTTTTTTMMMMMMMMMMTTTTTTTTTTTTTTTTTTTTTMMMMMMMMMMTTTTTTTTMMMMMMMMMMMMMMMMMMMMMMMTTTTTTTTTTTTTPPP
PPPTTTTTTTTTMTTTTTTTTMTTTTTTTTTTTTTTTTTTTTTMTTTTTTTTMTTTTTTTTMTTTTTTTTTTTTTTTTTTTTTTTTTTTTTTTTTTTPPP
PPPTTTTTTTTTMTTTTTTTTMTTTTTTTTTTTTTTTTTTTTTMTTTTTTTTMTTTTTTTTMMTMMMMMMMMMMMMMMMMMMMMTTTTTTTTTTTTTPPP
PPPTTTTTTTTTMTTTTTTTTMMMTTTTTTTTTTTTTTTTTTTMTTTTTTTTMTTTTTTTTMTTTTTTTTTTTTTTTTTTTTTMTTTTTTTTTTTTTPPP
PPPTTTTTTTKTMTTTTTTTTTTMMTTTTTTTTTTTTTTTTTTMTTTTTTTTMTTTTTTTTMTTTTTTTTTTTTTTTTTTTTTMTTTTTTTTTTTTTPPP
PPPTTTTTTTTTMTTTTTTTTTTTMMTTTTTTTTTTTTTTTTTMTTTTTTTTMTTTTTTTTMTTTTTTTTTTTTTTTTTTTTTMTTTTTTTTTTTTTPPP
PPPTTTTTTTTTMTTTTTTTTTTTTMTTTTTTTTTTTTTTTTTTTTTTTTTTTTTTTTTTTMTTTTTTTTTTTTTTTTTTTTTMTTTTTTTTTTTTTPPP
PPPTTTTTTTTTTTTTTTTTTTTTTMTTTTTTTTTTTTTTTTTMTTTTTTTTMTTTTTTTTMTTTTTTTTTTTTTTTTTTTTTMTTTTTTTTTTTTTPPP
PPPTTTTTTTTTMTTTTTTTTTTTTMTTTTTTTTTTTTTTTTTMTTTTTTTTMTTTTTTTTMTTTTTTTTTTTTTTTTTTTTTMTTTTTTTTTTTTTPPP
PPPTTTTTTTTTMTTTTTTTTTTTTMTTTTTTTTTTTTTTTTTMTTTTTTTTMTTTTTTTTMMMMMMMMMMMMMMMMMMMMMTMTTTTTTTTTTTTTPPP
PPPTTTTTTTTTMTTTTTTTTTTTTMTTTTTTTTTTTTTTTTTMTTTTTTTTMTTTTTTTTTTTTTTTTTTTTTTTTTTTTTTMTTTTTTTTTTTTTPPP
PPPTTTTTTTTTMMMMMMMMMMMMMMTTTTTTTTTTTTTTTTTMMMMMMMMMMTTTTTTTTMMMMMMMMMMMMMMMMMMMMMMMTTTTTTTTTTTTTPPP
PPPTTTTTTTTTTTTTTTTTTTTTTTTTTTTTTTTTTTTTTTTTTTTTTTTTTTTTTTTTTTTTTTTTTTTTTTTTTTTTTTTTTTTTTTTTTTTTTPPP
PPPPPPPPPPPPPPPPPPPPPPPPPPPPPPPPPPPPPPPPPPPPPPPPPPPPPPPPPPPPPTTTPPPPPPPPPPPPPPPPPPPPPPPPPPPPPPPPPPPP
PPPTTTTTTTTTTTTTTTTTTTTTTTTTTTTTTTTTTTTTTTTTTTTTTTTTTTTTTTTTTTTTTTTTTTTTTTTTTTTTTTTTTTTTTTTTTTTTTPPP
PPPTTTTTTTTTMMMMMMMMMMTTTTTTTTTTTTTTTTTTTTTMMMMMMMMMMTTTTTTTTMMMMMMMMMMMMMMMMMMMMMMMTTTTTTTTTTTTTPPP
PPPTTTTTTTTTMTTTTTTTTMTTTTTTTTTTTTTTTTTTTTTMTTTTTTTTMTTTTTTTTMTTTTTTTTTTTTTTTTTTTTTTTTTTTTTTTTTTTPPP
PPPTTTTTTTTTMTTTTTTTTMTTTTTTTTTTTTTTTTTTTTTMTTTTTTTTMTTTTTTTTMMTMMMMMMMMMMMMMMMMMMMMTTTTTTTTTTTTTPPP
PPPTTTTTTTTTMTTTTTTTTMMMTTTTTTTTTTTTTTTTTTTMTTTTTTTTMTTTTTTTTMTTTTTTTTTTTTTTTTTTTTTMTTTTTTTTTTTTTPPP
PPPTTTTTTTKTMTTTTTTTTTTMMTTTTTTTTTTTTTTTTTTMTTTTTTTTMTTTTTTTTMTTTTTTTTTTTTTTTTTTTTTMTTTTTTTTTTTTTPPP
PPPTTTTTTTTTMTTTTTTTTTTTMMTTTTTTTTTTTTTTTTTMTTTTTTTTMTTTTTTTTMTTTTTTTTTTTTTTTTTTTTTMTTTTTTTTTTTTTPPP
PPPTTTTTTTTTMTTTTTTTTTTTTMTTTTTTTTTTTTTTTTTTTTTTTTTTTTTTTTTTTMTTTTTTTTTTTTTTTTTTTTTMTTTTTTTTTTTTTPPP
PPPTTTTTTTTTTTTTTTTTTTTTTMTTTTTTTTTTTTTTTTTMTTTTTTTTMTTTTTTTTMTTTTTTTTTTTTTTTTTTTTTMTTTTTTTTTTTTTPPP
PPPTTTTTTTTTMTTTTTTTTTTTTMTTTTTTTTTTTTTTTTTMTTTTTTTTMTTTTTTTTMTTTTTTTTTTTTTTTTTTTTTMTTTTTTTTTTTTTPPP
PPPTTTTTTTTTMTTTTTTTTTTTTMTTTTTTTTTTTTTTTTTMTTTTTTTTMTTTTTTTTMMMMMMMMMMMMMMMMMMMMMTMTTTTTTTTTTTTTPPP
PPPTTTTTTTTTMTTTTTTTTTTTTMTTTTTTTTTTTTTTTTTMTTTTTTTTMTTTTTTTTTTTTTTTTTTTTTTTTTTTTTTMTTTTTTTTTTTTTPPP
PPPTTTTTTTTTMMMMMMMMMMMMMMTTTTTTTTTTTTTTTTTMMMMMMMMMMTTTTTTTTMMMMMMMMMMMMMMMMMMMMMMMTTTTTTTTTTTTTPPP
PPPTTTTTTTTTTTTTTTTTTTTTTTTTTTTTTTTTTTTTTTTTTTTTTTTTTTTTTTTTTTTTTTTTTTTTTTTTTTTTTTTTTTTTTTTTTTTTTPPP
PPPTTTTTTTTTTTTTTTTTTTTTTTTTTTTTTTTTTTTTTTTTTTTTTTTTTTTTTTTTTTTTTTTTTTTTTTTTTTTTTTTTTTTTTTTTTTTTTPPP
PPPTTTTTTTTTTTTTTTTTTTTTTTTTTTTTTTTTTTTTTTTTTTTTTTTTTTTTTTTTTTTTTTTTTTTTTTTTTTTTTTTTTTTTTTTTTTTTTPPP
PPPTTTTTTTTTMMMMMMMMMMTTTTTTTTTTTTTTTTTTTTTMMMMMMMMMMTTTTTTTTMMMMMMMMMMMMMMMMMMMMMMMTTTTTTTTTTTTTPPP
PPPTTTTTTTTTMTTTTTTTTMTTTTTTTTTTTTTTTTTTTTTMTTTTTTTTMTTTTTTTTMTTTTTTTTTTTTTTTTTTTTTTTTTTTTTTTTTTTPPP
PPPTTTTTTTTTMTTTTTTTTMTTTTTTTTTTTTTTTTTTTTTMTTTTTTTTMTTTTTTTTMMTMMMMMMMMMMMMMMMMMMMMTTTTTTTTTTTTTPPP
PPPTTTTTTTTTMTTTTTTTTMMMTTTTTTTTTTTTTTTTTTTMTTTTTTTTMTTTTTTTTMTTTTTTTTTTTTTTTTTTTTTMTTTTTTTTTTTTTPPP
PPPTTTTTTTKTMTTTTTTTTTTMMTTTTTTTTTTTTTTTTTTMTTTTTTTTMTTTTTTTTMTTTTTTTTTTTTTTTTTTTTTMTTTTTTTTTTTTTPPP
PPPTTTTTTTTTMTTTTTTTTTTTMMTTTTTTTTTTTTTTTTTMTTTTTTTTMTTTTTTTTMTTTTTTTTTTTTTTTTTTTTTMTTTTTTTTTTTTTPPP
PPPTTTTTTTTTMTTTTTTTTTTTTMTTTTTTTTTTTTTTTTTTTTTTTTTTTTTTTTTTTMTTTTTTTTTTTTTTTTTTTTTMTTTTTTTTTTTTTPPP
PPPTTTTTTTTTTTTTTTTTTTTTTMTTTTTTTTTTTTTTTTTMTTTTTTTTMTTTTTTTTMTTTTTTTTTTTTTTTTTTTTTMTTTTTTTTTTTTTPPP
PPPTTTTTTTTTMTTTTTTTTTTTTMTTTTTTTTTTTTTTTTTMTTTTTTTTMTTTTTTTTMTTTTTTTTTTTTTTTTTTTTTMTTTTTTTTTTTTTPPP
PPPTTTTTTTTTMTTTTTTTTTTTTMTTTTTTTTTTTTTTTTTMTTTTTTTTMTTTTTTTTMMMMMMMMMMMMMMMMMMMMMTMTTTTTTTTTTTTTPPP
PPPTTTTTTTTTMTTTTTTTTTTTTMTTTTTTTTTTTTTTTTTMTTTTTTTTMTTTTTTTTTTTTTTTTTTTTTTTTTTTTTTMTTTTTTTTTTTTTPPP
PPPTTTTTTTTTMMMMMMMMMMMMMMTTTTTTTTTTTTTTTTTMMMMMMMMMMTTTTTTTTMMMMMMMMMMMMMMMMMMMMMMMTTTTTTTTTTTTTPPP
PPPTTTTTTTTTTTTTTTTTTTTTTTTTTTTTTTTTTTTTTTTTTTTTTTTTTTTTTTTTTTTTTTTTTTTTTTTTTTTTTTTTTTTTTTTTTTTTTPPP
PPPPPPPPPPPPPPPPPPPPPPPPPPPPPPPPPPPPPPPPPPPPPPPPPPPPPPPPPPPPPPPPPPPPPPPPPPPPPPPPPPPPPPPPPPPPPPPPPPPP
PPPPPPPPPPPPPPPPPPPPPPPPPPPPPPPPPPPPPPPPPPPPPPPPPPPPPPPPPPPPPPPPPPPPPPPPPPPPPPPPPPPPPPPPPPPPPPPPPPPP
PPPPPPPPPPPPPPPPPPPPPPPPPPPPPPPPPPPPPPPPPPPPPPPPPPPPPPPPPPPPPPPPPPPPPPPPPPPPPPPPPPPPPPPPPPPPPPPPPPPP
