50
50
PPPPPPPPPPPPPPPPPPPPPPPPPPPPPPPPPPPPPPPPPPPPPPPPPP
PPPPPPPPPPPPPPPPPPPPPPPPPPPPPPPPPPPPPPPPPPPPPPPPPP
PPPPPPPPPPPPPPPPPPPPPPPPPPPPPPPPPPPPPPPPPPPPPPPPPP
PPPTTTBBBBBBBBBBBSSBBBBBTTTTTTTSSTTTTSSTTTTSSTTPPP
PPPTTTBBBBBBSBBBSBSSSBBBTTTTTTSSTTTTSSTTTTTSSTTPPP
PPPSTSBBBBSSSSSSSSSSSSSBTTTTSTTSTASAASSAAASSTSTPPP
PPPSSSSBSSSSSSSSBSSSBSSSTSTSSSSSSSSSSSSSSASSSSSPPP
PPPTSSSSSSBBSSSBBBSSBSSSSSSSSSSTSSASSSSSSSSTSTSPPP
PPPTSSSSSBSSSSSSBSSBSSSSSTSTSTTSSAAAASSAASSBBBSPPP
PPPSSTSBSSSSSBBSSBSSSBBSTTTTTTSSTAAAASSAAASSBBSPPP
PPPSTTBBBSBBBBBBSSKBBBBBTTTTTTSSTAAAASSAAASSBBSPPP
PPPTTTBBBBBBBBBBBSSBBBBBTTTTTSSTTAASSSAAASSBBBSPPP
PPPTTTBBBBBBBBBBBBSSBBBBTTTTTSSTTSSSSSAASSAASSSPPP
PPPTTTBBBBBBBBBBBSSSSSSSTSSSSTSSSSSAASSSSAAASSSPPP
PPPTTTBBBBBBBBBBBSSBSSSSSSSSSSSTSAAAAASSSSAAABSPPP
PPPTTTBBBBBBBBBBBBSSBBBBSTTTSSTTTTTTTTSSBSSBBBSPPP
PPPTTTBBBBBBBBBBBBBSSBBBTTTSSTTTTTTTTSSTBSSBBBSPPP
PPPTTTBBBBBBBBBBBBSSBBBBTTSSTTTTTTTTTTSSBBSSBBSPPP
PPPTTTBBBBBBBBBBBBBSSBBBTSSTKTTTTTTTTTSSBSSBBBSPPP
PPPTTTBBBBBBBBBBBBKBSSBBTTSSTTTTTTTTKSSTBBSSBBBPPP
PPPTTTTTTTTTTTTTTTTTTSSTTSSTTTTTTTTTTSSTBBSSBBBPPP
PPPTTTTTTTTTTTTTTTTTTSSTTTSSTTTTTTTTTTSSBSSBBBKPPP
PPPTTTTTTTTTTTTTTTTTTKSSTTTSSTTTTTTTTSSTSSAABBBPPP
PPPTTTTTTTTTTTTTTTTTTTSSTTSSTTTTTTTTTSSTBSSAABBPPP
PPPTTTTTTTTTTTTTTTTTTTTSSSSTTTTTTTTTTSSTBBSSBBBPPP
PPPTTTTKTTTTTTTTTTTTTTSSSSTTTTTTTTTTTSSTBSSBBBBPPP
PPPTTTTTTTTTTTTTTTTTKSSTTSSTTTTTTTTTSSTTSSAASSSPPP
PPPTTTTTTTTTTTTTTTTTTSSTTSSTTTTTTTTTTSSSSTTAASSPPP
PPPAAAAAAAAAAAAATTTTTSSTKTSSTTTTTTTBBBSSBBBAABBPPP
PPPAAAAAAAAAAAAATTTTTTSSTSSTTTTTTTTBBSSSSBAABBBPPP
PPPAAAAAAAAAAAAATTTTTTTTSSTTTTTTTTTBBBSSBBAABBBPPP
PPPAAAAAAAAAAAAATTTTTTTSSSSTTTTTTTTBBBSSBBAABBBPPP
PPPAAAAAAAAAAAAATTTTTTTTSSTTTTTTTTTBBBBSSAABBBBPPP
PPPAAAAAAAAAAAAATTTTTTTTTSSTTTTTTTTBBBSSBAABBBBPPP
PPPAAAAAAAAAAAAATTTTTTTTTSSTTTTTTTTBBBSSBAABBBBPPP
PPPAAAAAAAAAAAAATTTTTTTTSSTTTTTTTTTBBSSBAABBSSBPPP
PPPAAAAAAAAAAAAATTTTTTTTTSSTTTTTTTTBBSSAASSSSSSPPP
PPPAAAAAASAAAAAATTTTTTTTSSSTSTTTTTTBSSBSSSSSBBSPPP
PPPAASAASSSSAAAATTTTTTTSSSSSSSTTSTTSSBSSSAABBBBPPP
PPPSSSSSSASSSAAATTSSSSTTSSASASSSSSSSBSSBBAAABBBPPP
PPPSSASSAAAASSAASSSSSSSSSAABABSSBSSSSSSSAABAABBPPP
PPPAAAAAAAAAASSSSSABBKSSBABBBBBBBBBBSBBSSBBBAAAPPP
PPPTKTTTTATAATSSTTABBBBSSBBBBBBBBBBBSSSSTTTTTAAPPP
PPPTTTTAAAAAATTTTTTBBBBSSBBBBBBBBBBBBSSAATTTTTTPPP
PPPTATTTATATTTTTTTTBBBBBSSBBBBBBBBBBBSSAABBBBBBPPP
PPPAAAATTTTTTTTTTTTBBBBBBSSBBBBBBBBBSSSSBBBBBBBPPP
PPPATATTTTTTTTTTTTTBBBBBSSSSKBBBBBBSSBBSSBBBBBBPPP
PPPPPPPPPPPPPPPPPPPPPPPPPPPPPPPPPPPPPPPPPPPPPPPPPP
PPPPPPPPPPPPPPPPPPPPPPPPPPPPPPPPPPPPPPPPPPPPPPPPPP
PPPPPPPPPPPPPPPPPPPPPPPPPPPPPPPPPPPPPPPPPPPPPPPPPP
