100
100
PPPPPPPPPPPPPPPPPPPPPPPPPPPPPPPPPPPPPPPPPPPPPPPPPPPPPPPPPPPPPPPPPPPPPPPPPPPPPPPPPPPPPPPPPPPPPPPPPPPP
PPPPPPPPPPPPPPPPPPPPPPPPPPPPPPPPPPPPPPPPPPPPPPPPPPPPPPPPPPPPPPPPPPPPPPPPPPPPPPPPPPPPPPPPPPPPPPPPPPPP
PPPPPPPPPPPPPPPPPPPPPPPPPPPPPPPPPPPPPPPPPPPPPPPPPPPPPPPPPPPPPPPPPPPPPPPPPPPPPPPPPPPPPPPPPPPPPPPPPPPP
PPPTTTPPPTTTPPPTTTPPPTTTPPPTTTPPPTTTPPPTTTPPPTPPPTTTPPPTTTPPPTTTPPPTTTPPPTTTPPPTTTPPPTTTPPPTTTPTTPPP
PPPTTTTPPPTTTPPPTTTPPPTTTPPPTTTPPPTTTPPPTTTPPPTPPPTTTPPPTTTPPPTTTPPPTTTPPPTTTPPPTTTPPPTTTPPPTTTPTPPP
PPPTTTTTPPPTTTPPPTTTPPPTTTPPPTTTPPPTTTPPPTTTPPPTPPPTTTPPPTTTPPPTTTPPPTTTPPPTTTPPPTTTPPPTTTPPPTTTTPPP
PPPTTTTTTPPPTTTPPPTTTPPPTTTPPPTTTPPPTTTPPPTTTPPPTPPPTTTPPPTTTPPPTTTPPPTTTPPPTTTPPPTTTPPPTTTPPPTTTPPP
PPPTTTTTTTPPPTTTPPPTTTPPPTTTPPPTTTPPPTTTPPPTTTPPPTPPPTTTPPPTTTPPPTTTPPPTTTPPPTTTPPPTTTPPPTTTPPPTTPPP
PPPTTTTTTTTPPPTTTPPPTTTPPPTTTPPPTTTPPPTTTPPPTTTPPPTPPPTTTPPPTTTPPPTTTPPPTTTPPPTTTPPPTTTPPPTTTPPPTPPP
PPPTTTTTTKTTTTTTTTTTTTTTTTTTTTTTTTTTTTTTTTTTTTTTTTTTTTTTTTTTTTTTTTTTTTTTTTTTTTTTTTTTTTTTTKTTTTTTTPPP
PPPTTTTTTKTTTTTTTTTTTTTTTTTTTTTTTTTTTTTTTTTTTTTTTTTTTTTTTTTTTTTTTTTTTTTTTTTTTTTTTTTTTTTTTKTTTTTTTPPP
PPPTTTTTTTTTTTPPPTTTPPPTTTPPPTTTPPPTTTPPPTTTPPPTTTPPPTPPPTTTPPPTTTPPPTTTPPPTTTPPPTTTPPPTTTPPPTTTTPPP
PPPTTTPPPTTTPPPTTTPPPTTTPPPTTTPPPTTTPPPTTTPPPTPPPTTTPPPTTTPPPTTTPPPTTTPPPTTTPPPTTTPPPTTTPPPTTTPTTPPP
PPPTTTTPPPTTTPPPTTTPPPTTTPPPTTTPPPTTTPPPTTTPPPTPPPTTTPPPTTTPPPTTTPPPTTTPPPTTTPPPTTTPPPTTTPPPTTTPTPPP
PPPTTTTTTKTTTTTTTTTTTTTTTTTTTTTTTTTTTTTTTTTTTTTTTTTTTTTTTTTTTTTTTTTTTTTTTTTTTTTTTTTTTTTTTKTTTTTTTPPP
PPPTTTTTTKTTTTTTTTTTTTTTTTTTTTTTTTTTTTTTTTTTTTTTTTTTTTTTTTTTTTTTTTTTTTTTTTTTTTTTTTTTTTTTTKTTTTTTTPPP
PPPTTTTTTTPPPTTTPPPTTTPPPTTTPPPTTTPPPTTTPPPTTTPPPTPPPTTTPPPTTTPPPTTTPPPTTTPPPTTTPPPTTTPPPTTTPPPTTPPP
PPPTTTTTTTTPPPTTTPPPTTTPPPTTTPPPTTTPPPTTTPPPTTTPPPTPPPTTTPPPTTTPPPTTTPPPTTTPPPTTTPPPTTTPPPTTTPPPTPPP
PPPTTTTTTTTTPPPTTTPPPTTTPPPTTTPPPTTTPPPTTTPPPTTTPPPTPPPTTTPPPTTTPPPTTTPPPTTTPPPTTTPPPTTTPPPTTTPTTPPP
PPPTTTTTTTTTTPPPTTTPPPTTTPPPTTTPPPTTTPPPTTTPPPTTTPPPTPPPTTTPPPTTTPPPTTTPPPTTTPPPTTTPPPTTTPPPTTTPTPPP
PPPTTTTTTTTTTTPPPTTTPPPTTTPPPTTTPPPTTTPPPTTTPPPTTTPPPTPPPTTTPPPTTTPPPTTTPPPTTTPPPTTTPPPTTTPPPTTTTPPP
PPPTTTPPPTTTPPPTTTPPPTTTPPPTTTPPPTTTPPPTTTPPPTPPPTTTPPPTTTPPPTTTPPPTTTPPPTTTPPPTTTPPPTTTPPPTTTPTTPPP
PPPTTTTPPPTTTPPPTTTPPPTTTPPPTTTPPPTTTPPPTTTPPPTPPPTTTPPPTTTPPPTTTPPPTTTPPPTTTPPPTTTPPPTTTPPPTTTPTPPP
PPPTTTTTPPPTTTPPPTTTPPPTTTPPPTTTPPPTTTPPPTTTPPPTPPPTTTPPPTTTPPPTTTPPPTTTPPPTTTPPPTTTPPPTTTPPPTTTTPPP
PPPTTTTTTPPPTTTPPPTTTPPPTTTPPPTTTPPPTTTPPPTTTPPPTPPPTTTPPPTTTPPPTTTPPPTTTPPPTTTPPPTTTPPPTTTPPPTTTPPP
PPPTTTTTTKTTTTTTTTTTTTTTTTTTTTTTTTTTTTTTTTTTTTTTTTTTTTTTTTTTTTTTTTTTTTTTTTTTTTTTTTTTTTTTTKTTTTTTTPPP
PPPTTTTTTKTTTTTTTTTTTTTTTTTTTTTTTTTTTTTTTTTTTTTTTTTTTTTTTTTTTTTTTTTTTTTTTTTTTTTTTTTTTTTTTKTTTTTTTPPP
PPPTTTTTTTTTPPPTTTPPPTTTPPPTTTPPPTTTPPPTTTPPPTTTPPPTPPPTTTPPPTTTPPPTTTPPPTTTPPPTTTPPPTTTPPPTTTPTTPPP
PPPTTTTTTTTTTPPPTTTPPPTTTPPPTTTPPPTTTPPPTTTPPPTTTPPPTPPPTTTPPPTTTPPPTTTPPPTTTPPPTTTPPPTTTPPPTTTPTPPP
PPPTTTTTTTTTTTPPPTTTPPPTTTPPPTTTPPPTTTPPPTTTPPPTTTPPPTPPPTTTPPPTTTPPPTTTPPPTTTPPPTTTPPPTTTPPPTTTTPPP
PPPTTTPPPTTTPPPTTTPPPTTTPPPTTTPPPTTTPPPTTTPPPTPPPTTTPPPTTTPPPTTTPPPTTTPPPTTTPPPTTTPPPTTTPPPTTTPTTPPP
PPPTTTTPPPTTTPPPTTTPPPTTTPPPTTTPPPTTTPPPTTTPPPTPPPTTTPPPTTTPPPTTTPPPTTTPPPTTTPPPTTTPPPTTTPPPTTTPTPPP
PPPTTTTTPPPTTTPPPTTTPPPTTTPPPTTTPPPTTTPPPTTTPPPTPPPTTTPPPTTTPPPTTTPPPTTTPPPTTTPPPTTTPPPTTTPPPTTTTPPP
PPPTTTTTTPPPTTTPPPTTTPPPTTTPPPTTTPPPTTTPPPTTTPPPTPPPTTTPPPTTTPPPTTTPPPTTTPPPTTTPPPTTTPPPTTTPPPTTTPPP
PPPTTTTTTKTTTTTTTTTTTTTTTTTTTTTTTTTTTTTTTTTTTTTTTTTTTTTTTTTTTTTTTTTTTTTTTTTTTTTTTTTTTTTTTKTTTTTTTPPP
PPPTTTTTTKTTTTTTTTTTTTTTTTTTTTTTTTTTTTTTTTTTTTTTTTTTTTTTTTTTTTTTTTTTTTTTTTTTTTTTTTTTTTTTTKTTTTTTTPPP
PPPTTTTTTTTTPPPTTTPPPTTTPPPTTTPPPTTTPPPTTTPPPTTTPPPTPPPTTTPPPTTTPPPTTTPPPTTTPPPTTTPPPTTTPPPTTTPTTPPP
PPPTTTTTTTTTTPPPTTTPPPTTTPPPTTTPPPTTTPPPTTTPPPTTTPPPTPPPTTTPPPTTTPPPTTTPPPTTTPPPTTTPPPTTTPPPTTTPTPPP
PPPTTTTTTTTTTTPPPTTTPPPTTTPPPTTTPPPTTTPPPTTTPPPTTTPPPTPPPTTTPPPTTTPPPTTTPPPTTTPPPTTTPPPTTTPPPTTTTPPP
PPPTTTPPPTTTPPPTTTPPPTTTPPPTTTPPPTTTPPPTTTPPPTPPPTTTPPPTTTPPPTTTPPPTTTPPPTTTPPPTTTPPPTTTPPPTTTPTTPPP
PPPTTTTPPPTTTPPPTTTPPPTTTPPPTTTPPPTTTPPPTTTPPPTPPPTTTPPPTTTPPPTTTPPPTTTPPPTTTPPPTTTPPPTTTPPPTTTPTPPP
PPPTTTTTPPPTTTPPPTTTPPPTTTPPPTTTPPPTTTPPPTTTPPPTPPPTTTPPPTTTPPPTTTPPPTTTPPPTTTPPPTTTPPPTTTPPPTTTTPPP
PPPTTTTTTPPPTTTPPPTTTPPPTTTPPPTTTPPPTTTPPPTTTPPPTPPPTTTPPPTTTPPPTTTPPPTTTPPPTTTPPPTTTPPPTTTPPPTTTPPP
PPPTTTTTTKTTTTTTTTTTTTTTTTTTTTTTTTTTTTTTTTTTTTTTTTTTTTTTTTTTTTTTTTTTTTTTTTTTTTTTTTTTTTTTTKTTTTTTTPPP
PPPTTTTTTKTTTTTTTTTTTTTTTTTTTTTTTTTTTTTTTTTTTTTTTTTTTTTTTTTTTTTTTTTTTTTTTTTTTTTTTTTTTTTTTKTTTTTTTPPP
PPPTTTTTTTTTPPPTTTPPPTTTPPPTTTPPPTTTPPPTTTPPPTTTPPPTPPPTTTPPPTTTPPPTTTPPPTTTPPPTTTPPPTTTPPPTTTPTTPPP
PPPTTTTTTTTTTPPPTTTPPPTTTPPPTTTPPPTTTPPPTTTPPPTTTPPPTPPPTTTPPPTTTPPPTTTPPPTTTPPPTTTPPPTTTPPPTTTPTPPP
PPPTTTTTTTTTTTPPPTTTPPPTTTPPPTTTPPPTTTPPPTTTPPPTTTPPPTPPPTTTPPPTTTPPPTTTPPPTTTPPPTTTPPPTTTPPPTTTTPPP
PPPTTTPPPTTTPPPTTTPPPTTTPPPTTTPPPTTTPPPTTTPPPTPPPTTTPPPTTTPPPTTTPPPTTTPPPTTTPPPTTTPPPTTTPPPTTTPTTPPP
PPPTTTTPPPTTTPPPTTTPPPTTTPPPTTTPPPTTTPPPTTTPPPTPPPTTTPPPTTTPPPTTTPPPTTTPPPTTTPPPTTTPPPTTTPPPTTTPTPPP
PPPTTTTTPPPTTTPPPTTTPPPTTTPPPTTTPPPTTTPPPTTTPPPTPPPTTTPPPTTTPPPTTTPPPTTTPPPTTTPPPTTTPPPTTTPPPTTTTPPP
PPPTTTTTTPPPTTTPPPTTTPPPTTTPPPTTTPPPTTTPPPTTTPPPTPPPTTTPPPTTTPPPTTTPPPTTTPPPTTTPPPTTTPPPTTTPPPTTTPPP
PPPTTTTTTKTTTTTTTTTTTTTTTTTTTTTTTTTTTTTTTTTTTTTTTTTTTTTTTTTTTTTTTTTTTTTTTTTTTTTTTTTTTTTTTKTTTTTTTPPP
PPPTTTTTTKTTTTTTTTTTTTTTTTTTTTTTTTTTTTTTTTTTTTTTTTTTTTTTTTTTTTTTTTTTTTTTTTTTTTTTTTTTTTTTTKTTTTTTTPPP
PPPTTTTTTTTTPPPTTTPPPTTTPPPTTTPPPTTTPPPTTTPPPTTTPPPTPPPTTTPPPTTTPPPTTTPPPTTTPPPTTTPPPTTTPPPTTTPTTPPP
PPPTTTTTTTTTTPPPTTTPPPTTTPPPTTTPPPTTTPPPTTTPPPTTTPPPTPPPTTTPPPTTTPPPTTTPPPTTTPPPTTTPPPTTTPPPTTTPTPPP
PPPTTTTTTTTTTTPPPTTTPPPTTTPPPTTTPPPTTTPPPTTTPPPTTTPPPTPPPTTTPPPTTTPPPTTTPPPTTTPPPTTTPPPTTTPPPTTTTPPP
PPPTTTPPPTTTPPPTTTPPPTTTPPPTTTPPPTTTPPPTTTPPPTPPPTTTPPPTTTPPPTTTPPPTTTPPPTTTPPPTTTPPPTTTPPPTTTPTTPPP
PPPTTTTPPPTTTPPPTTTPPPTTTPPPTTTPPPTTTPPPTTTPPPTPPPTTTPPPTTTPPPTTTPPPTTTPPPTTTPPPTTTPPPTTTPPPTTTPTPPP
PPPTTTTTPPPTTTPPPTTTPPPTTTPPPTTTPPPTTTPPPTTTPPPTPPPTTTPPPTTTPPPTTTPPPTTTPPPTTTPPPTTTPPPTTTPPPTTTTPPP
PPPTTTTTTPPPTTTPPPTTTPPPTTTPPPTTTPPPTTTPPPTTTPPPTPPPTTTPPPTTTPPPTTTPPPTTTPPPTTTPPPTTTPPPTTTPPPTTTPPP
PPPTTTTTTKTTTTTTTTTTTTTTTTTTTTTTTTTTTTTTTTTTTTTTTTTTTTTTTTTTTTTTTTTTTTTTTTTTTTTTTTTTTTTTTKTTTTTTTPPP
PPPTTTTTTKTTTTTTTTTTTTTTTTTTTTTTTTTTTTTTTTTTTTTTTTTTTTTTTTTTTTTTTTTTTTTTTTTTTTTTTTTTTTTTTKTTTTTTTPPP
PPPTTTTTTTTTPPPTTTPPPTTTPPPTTTPPPTTTPPPTTTPPPTTTPPPTPPPTTTPPPTTTPPPTTTPPPTTTPPPTTTPPPTTTPPPTTTPTTPPP
PPPTTTTTTTTTTPPPTTTPPPTTTPPPTTTPPPTTTPPPTTTPPPTTTPPPTPPPTTTPPPTTTPPPTTTPPPTTTPPPTTTPPPTTTPPPTTTPTPPP
PPPTTTTTTTTTTTPPPTTTPPPTTTPPPTTTPPPTTTPPPTTTPPPTTTPPPTPPPTTTPPPTTTPPPTTTPPPTTTPPPTTTPPPTTTPPPTTTTPPP
PPPTTTPPPTTTPPPTTTPPPTTTPPPTTTPPPTTTPPPTTTPPPTPPPTTTPPPTTTPPPTTTPPPTTTPPPTTTPPPTTTPPPTTTPPPTTTPTTPPP
PPPTTTTPPPTTTPPPTTTPPPTTTPPPTTTPPPTTTPPPTTTPPPTPPPTTTPPPTTTPPPTTTPPPTTTPPPTTTPPPTTTPPPTTTPPPTTTPTPPP
PPPTTTTTPPPTTTPPPTTTPPPTTTPPPTTTPPPTTTPPPTTTPPPTPPPTTTPPPTTTPPPTTTPPPTTTPPPTTTPPPTTTPPPTTTPPPTTTTPPP
PPPTTTTTTPPPTTTPPPTTTPPPTTTPPPTTTPPPTTTPPPTTTPPPTPPPTTTPPPTTTPPPTTTPPPTTTPPPTTTPPPTTTPPPTTTPPPTTTPPP
PPPTTTTTTTPPPTTTPPPTTTPPPTTTPPPTTTPPPTTTPPPTTTPPPTPPPTTTPPPTTTPPPTTTPPPTTTPPPTTTPPPTTTPPPTTTPPPTTPPP
PPPTTTTTTTTPPPTTTPPPTTTPPPTTTPPPTTTPPPTTTPPPTTTPPPTPPPTTTPPPTTTPPPTTTPPPTTTPPPTTTPPPTTTPPPTTTPPPTPPP
PPPTTTTTTKTTTTTTTTTTTTTTTTTTTTTTTTTTTTTTTTTTTTTTTTTTTTTTTTTTTTTTTTTTTTTTTTTTTTTTTTTTTTTTTKTTTTTTTPPP
PPPTTTTTTKTTTTTTTTTTTTTTTTTTTTTTTTTTTTTTTTTTTTTTTTTTTTTTTTTTTTTTTTTTTTTTTTTTTTTTTTTTTTTTTKTTTTTTTPPP
PPPTTTTTTTTTTTPPPTTTPPPTTTPPPTTTPPPTTTPPPTTTPPPTTTPPPTPPPTTTPPPTTTPPPTTTPPPTTTPPPTTTPPPTTTPPPTTTTPPP
PPPTTTPPPTTTPPPTTTPPPTTTPPPTTTPPPTTTPPPTTTPPPTPPPTTTPPPTTTPPPTTTPPPTTTPPPTTTPPPTTTPPPTTTPPPTTTPTTPPP
PPPTTTTPPPTTTPPPTTTPPPTTTPPPTTTPPPTTTPPPTTTPPPTPPPTTTPPPTTTPPPTTTPPPTTTPPPTTTPPPTTTPPPTTTPPPTTTPTPPP
PPPTTTTTPPPTTTPPPTTTPPPTTTPPPTTTPPPTTTPPPTTTPPPTPPPTTTPPPTTTPPPTTTPPPTTTPPPTTTPPPTTTPPPTTTPPPTTTTPPP
PPPTTTTTTTTTTTTTTTTTTTTTTTTTTTTTTTTTTTTTTTTTTTTTTTTTTTTTTTTTTTTTTTTTTTTTTTTTTTTTTTTTTTTTTTTTTTTTTPPP
PPPTTTTTTTTPPPTTTPPPTTTPPPTTTPPPTTTPPPTTTPPPTTTPPPTPPPTTTPPPTTTPPPTTTPPPTTTPPPTTTPPPTTTPPPTTTPPPTPPP
PPPTTTTTTTTTPPPTTTPPPTTTPPPTTTPPPTTTPPPTTTPPPTTTPPPTPPPTTTPPPTTTPPPTTTPPPTTTPPPTTTPPPTTTPPPTTTPTTPPP
PPPTTTTTTTTTTPPPTTTPPPTTTPPPTTTPPPTTTPPPTTTPPPTTTPPPTPPPTTTPPPTTTPPPTTTPPPTTTPPPTTTPPPTTTPPPTTTPTPPP
PPPTTTTTTTTTTTPPPTTTPPPTTTPPPTTTPPPTTTPPPTTTPPPTTTPPPTPPPTTTPPPTTTPPPTTTPPPTTTPPPTTTPPPTTTPPPTTTTPPP
PPPTTTPPPTTTPPPTTTPPPTTTPPPTTTPPPTTTPPPTTTPPPTPPPTTTPPPTTTPPPTTTPPPTTTPPPTTTPPPTTTPPPTTTPPPTTTPTTPPP
PPPTTTTPPPTTTPPPTTTPPPTTTPPPTTTPPPTTTPPPTTTPPPTPPPTTTPPPTTTPPPTTTPPPTTTPPPTTTPPPTTTPPPTTTPPPTTTPTPPP
PPPTTTTTPPPTTTPPPTTTPPPTTTPPPTTTPPPTTTPPPTTTPPPTPPPTTTPPPTTTPPPTTTPPPTTTPPPTTTPPPTTTPPPTTTPPPTTTTPPP
PPPTTTTTTPPPTTTPPPTTTPPPTTTPPPTTTPPPTTTPPPTTTPPPTPPPTTTPPPTTTPPPTTTPPPTTTPPPTTTPPPTTTPPPTTTPPPTTTPPP
PPPTTTTTTKTTTTTTTTTTTTTTTTTTTTTTTTTTTTTTTTTTTTTTTTTTTTTTTTTTTTTTTTTTTTTTTTTTTTTTTTTTTTTTTKTTTTTTTPPP
PPPTTTTTTKTTTTTTTTTTTTTTTTTTTTTTTTTTTTTTTTTTTTTTTTTTTTTTTTTTTTTTTTTTTTTTTTTTTTTTTTTTTTTTTKTTTTTTTPPP
PPPTTTTTTTTTPPPTTTPPPTTTPPPTTTPPPTTTPPPTTTPPPTTTPPPTPPPTTTPPPTTTPPPTTTPPPTTTPPPTTTPPPTTTPPPTTTPTTPPP
PPPTTTTTTTTTTPPPTTTPPPTTTPPPTTTPPPTTTPPPTTTPPPTTTPPPTPPPTTTPPPTTTPPPTTTPPPTTTPPPTTTPPPTTTPPPTTTPTPPP
PPPTTTTTTTTTTTPPPTTTPPPTTTPPPTTTPPPTTTPPPTTTPPPTTTPPPTPPPTTTPPPTTTPPPTTTPPPTTTPPPTTTPPPTTTPPPTTTTPPP
PPPTTTPPPTTTPPPTTTPPPTTTPPPTTTPPPTTTPPPTTTPPPTPPPTTTPPPTTTPPPTTTPPPTTTPPPTTTPPPTTTPPPTTTPPPTTTPTTPPP
PPPTTTTPPPTTTPPPTTTPPPTTTPPPTTTPPPTTTPPPTTTPPPTPPPTTTPPPTTTPPPTTTPPPTTTPPPTTTPPPTTTPPPTTTPPPTTTPTPPP
PPPTTTTTPPPTTTPPPTTTPPPTTTPPPTTTPPPTTTPPPTTTPPPTPPPTTTPPPTTTPPPTTTPPPTTTPPPTTTPPPTTTPPPTTTPPPTTTTPPP
PPPTTTTTTPPPTTTPPPTTTPPPTTTPPPTTTPPPTTTPPPTTTPPPTPPPTTTPPPTTTPPPTTTPPPTTTPPPTTTPPPTTTPPPTTTPPPTTTPPP
PPPTTTTTTTTTTTTTTTTTTTTTTTTTTTTTTTTTTTTTTTTTTTTTTTTTTTTTTTTTTTTTTTTTTTTTTTTTTTTTTTTTTTTTTTTTTTTTTPPP
PPPPPPPPPPPPPPPPPPPPPPPPPPPPPPPPPPPPPPPPPPPPPPPPPPPPPPPPPPPPPPPPPPPPPPPPPPPPPPPPPPPPPPPPPPPPPPPPPPPP
PPPPPPPPPPPPPPPPPPPPPPPPPPPPPPPPPPPPPPPPPPPPPPPPPPPPPPPPPPPPPPPPPPPPPPPPPPPPPPPPPPPPPPPPPPPPPPPPPPPP
PPPPPPPPPPPPPPPPPPPPPPPPPPPPPPPPPPPPPPPPPPPPPPPPPPPPPPPPPPPPPPPPPPPPPPPPPPPPPPPPPPPPPPPPPPPPPPPPPPPP
